#-----------------------------------------------------------
# Vivado v2025.1 (64-bit)
# SW Build 6140274 on Thu May 22 00:12:29 MDT 2025
# IP Build 6138677 on Thu May 22 03:10:11 MDT 2025
# SharedData Build 6139179 on Tue May 20 17:58:58 MDT 2025
# Start of session at: Thu Feb 12 10:24:23 2026
# Process ID         : 31064
# Current directory  : C:/Users/Nani/workspace/HLS_testing_3/sys_component/sys_component/hls/impl/verilog
# Command line       : vivado.exe -mode batch -source run_vivado.tcl
# Log file           : C:/Users/Nani/workspace/HLS_testing_3/sys_component/sys_component/hls/impl/verilog/vivado.log
# Journal file       : C:/Users/Nani/workspace/HLS_testing_3/sys_component/sys_component/hls/impl/verilog\vivado.jou
# Running On         : LAPTOP-BUVLRENO
# Platform           : Windows Server 2016 or Windows 10
# Operating System   : 22631
# Processor Detail   : 12th Gen Intel(R) Core(TM) i7-1260P
# CPU Frequency      : 2496 MHz
# CPU Physical cores : 12
# CPU Logical cores  : 16
# Host memory        : 16870 MB
# Swap memory        : 22470 MB
# Total Virtual      : 39340 MB
# Available Virtual  : 8282 MB
#-----------------------------------------------------------
source run_vivado.tcl
